// Jest Snapshot v1, https://goo.gl/fbAQLP

exports[`The dropdown component input component must render properly 1`] = `
ShallowWrapper {
  "length": 1,
  Symbol(enzyme.__root__): [Circular],
  Symbol(enzyme.__unrendered__): <SelectInput
    error=""
    focus={true}
    label="Name"
    name="Name"
    options={Array []}
    readOnly={false}
    touched={false}
/>,
  Symbol(enzyme.__renderer__): Object {
    "batchedUpdates": [Function],
    "getNode": [Function],
    "render": [Function],
    "simulateEvent": [Function],
    "unmount": [Function],
  },
  Symbol(enzyme.__node__): Object {
    "instance": null,
    "key": undefined,
    "nodeType": "host",
    "props": Object {
      "children": Array [
        <label
          htmlFor="Name"
>
          Name
</label>,
        <div
          className="field"
>
          <Field
                    autoFocus={true}
                    className="form-control"
                    component="select"
                    name="Name"
                    readOnly={false}
          >
                    <option
                              value=""
                    />
          </Field>
</div>,
      ],
      "className": "form-group",
    },
    "ref": null,
    "rendered": Array [
      Object {
        "instance": null,
        "key": undefined,
        "nodeType": "host",
        "props": Object {
          "children": "Name",
          "htmlFor": "Name",
        },
        "ref": null,
        "rendered": "Name",
        "type": "label",
      },
      Object {
        "instance": null,
        "key": undefined,
        "nodeType": "host",
        "props": Object {
          "children": Array [
            <Field
              autoFocus={true}
              className="form-control"
              component="select"
              name="Name"
              readOnly={false}
>
              <option
                            value=""
              />
</Field>,
            false,
          ],
          "className": "field",
        },
        "ref": null,
        "rendered": Array [
          Object {
            "instance": null,
            "key": undefined,
            "nodeType": "class",
            "props": Object {
              "autoFocus": true,
              "children": Array [
                <option
                  value=""
/>,
                Array [],
              ],
              "className": "form-control",
              "component": "select",
              "name": "Name",
              "readOnly": false,
            },
            "ref": null,
            "rendered": Array [
              Object {
                "instance": null,
                "key": undefined,
                "nodeType": "host",
                "props": Object {
                  "value": "",
                },
                "ref": null,
                "rendered": null,
                "type": "option",
              },
            ],
            "type": [Function],
          },
          false,
        ],
        "type": "div",
      },
    ],
    "type": "div",
  },
  Symbol(enzyme.__nodes__): Array [
    Object {
      "instance": null,
      "key": undefined,
      "nodeType": "host",
      "props": Object {
        "children": Array [
          <label
            htmlFor="Name"
>
            Name
</label>,
          <div
            className="field"
>
            <Field
                        autoFocus={true}
                        className="form-control"
                        component="select"
                        name="Name"
                        readOnly={false}
            >
                        <option
                                    value=""
                        />
            </Field>
</div>,
        ],
        "className": "form-group",
      },
      "ref": null,
      "rendered": Array [
        Object {
          "instance": null,
          "key": undefined,
          "nodeType": "host",
          "props": Object {
            "children": "Name",
            "htmlFor": "Name",
          },
          "ref": null,
          "rendered": "Name",
          "type": "label",
        },
        Object {
          "instance": null,
          "key": undefined,
          "nodeType": "host",
          "props": Object {
            "children": Array [
              <Field
                autoFocus={true}
                className="form-control"
                component="select"
                name="Name"
                readOnly={false}
>
                <option
                                value=""
                />
</Field>,
              false,
            ],
            "className": "field",
          },
          "ref": null,
          "rendered": Array [
            Object {
              "instance": null,
              "key": undefined,
              "nodeType": "class",
              "props": Object {
                "autoFocus": true,
                "children": Array [
                  <option
                    value=""
/>,
                  Array [],
                ],
                "className": "form-control",
                "component": "select",
                "name": "Name",
                "readOnly": false,
              },
              "ref": null,
              "rendered": Array [
                Object {
                  "instance": null,
                  "key": undefined,
                  "nodeType": "host",
                  "props": Object {
                    "value": "",
                  },
                  "ref": null,
                  "rendered": null,
                  "type": "option",
                },
              ],
              "type": [Function],
            },
            false,
          ],
          "type": "div",
        },
      ],
      "type": "div",
    },
  ],
  Symbol(enzyme.__options__): Object {
    "adapter": ReactSixteenAdapter {
      "options": Object {
        "enableComponentDidUpdateOnSetState": true,
      },
    },
  },
}
`;
